Copyright 1986-2022 Xilinx, Inc. All Rights Reserved.
-------------------------------------------------------------------------------------------------------------------------------------------------
| Tool Version : Vivado v.2022.2 (lin64) Build 3671981 Fri Oct 14 04:59:54 MDT 2022
| Date         : Wed Aug 12 21:03:56 2026
| Host         : rahman running 64-bit Ubuntu 20.04.6 LTS
| Command      : report_utilization -file kv260_dpu_sobel_bd_wrapper_utilization_placed.rpt -pb kv260_dpu_sobel_bd_wrapper_utilization_placed.pb
| Design       : kv260_dpu_sobel_bd_wrapper
| Device       : xck26-sfvc784-2LV-c
| Speed File   : -2LV
| Design State : Fully Placed
-------------------------------------------------------------------------------------------------------------------------------------------------

Utilization Design Information

Table of Contents
-----------------
1. CLB Logic
1.1 Summary of Registers by Type
2. CLB Logic Distribution
3. BLOCKRAM
4. ARITHMETIC
5. I/O
6. CLOCK
7. ADVANCED
8. CONFIGURATION
9. Primitives
10. Black Boxes
11. Instantiated Netlists

1. CLB Logic
------------

+----------------------------+--------+-------+------------+-----------+-------+
|          Site Type         |  Used  | Fixed | Prohibited | Available | Util% |
+----------------------------+--------+-------+------------+-----------+-------+
| CLB LUTs                   |  57163 |     0 |          0 |    117120 | 48.81 |
|   LUT as Logic             |  49251 |     0 |          0 |    117120 | 42.05 |
|   LUT as Memory            |   7912 |     0 |          0 |     57600 | 13.74 |
|     LUT as Distributed RAM |   3352 |     0 |            |           |       |
|     LUT as Shift Register  |   4560 |     0 |            |           |       |
| CLB Registers              | 105567 |     0 |          0 |    234240 | 45.07 |
|   Register as Flip Flop    | 105567 |     0 |          0 |    234240 | 45.07 |
|   Register as Latch        |      0 |     0 |          0 |    234240 |  0.00 |
| CARRY8                     |   1476 |     0 |          0 |     14640 | 10.08 |
| F7 Muxes                   |   2561 |     0 |          0 |     58560 |  4.37 |
| F8 Muxes                   |     15 |     0 |          0 |     29280 |  0.05 |
| F9 Muxes                   |      0 |     0 |          0 |     14640 |  0.00 |
+----------------------------+--------+-------+------------+-----------+-------+
* Warning! LUT value is adjusted to account for LUT combining.


1.1 Summary of Registers by Type
--------------------------------

+--------+--------------+-------------+--------------+
|  Total | Clock Enable | Synchronous | Asynchronous |
+--------+--------------+-------------+--------------+
| 0      |            _ |           - |            - |
| 0      |            _ |           - |          Set |
| 0      |            _ |           - |        Reset |
| 0      |            _ |         Set |            - |
| 0      |            _ |       Reset |            - |
| 0      |          Yes |           - |            - |
| 0      |          Yes |           - |          Set |
| 108    |          Yes |           - |        Reset |
| 739    |          Yes |         Set |            - |
| 104720 |          Yes |       Reset |            - |
+--------+--------------+-------------+--------------+


2. CLB Logic Distribution
-------------------------

+--------------------------------------------+--------+-------+------------+-----------+-------+
|                  Site Type                 |  Used  | Fixed | Prohibited | Available | Util% |
+--------------------------------------------+--------+-------+------------+-----------+-------+
| CLB                                        |  13874 |     0 |          0 |     14640 | 94.77 |
|   CLBL                                     |   6834 |     0 |            |           |       |
|   CLBM                                     |   7040 |     0 |            |           |       |
| LUT as Logic                               |  49251 |     0 |          0 |    117120 | 42.05 |
|   using O5 output only                     |    516 |       |            |           |       |
|   using O6 output only                     |  34165 |       |            |           |       |
|   using O5 and O6                          |  14570 |       |            |           |       |
| LUT as Memory                              |   7912 |     0 |          0 |     57600 | 13.74 |
|   LUT as Distributed RAM                   |   3352 |     0 |            |           |       |
|     using O5 output only                   |      0 |       |            |           |       |
|     using O6 output only                   |   1948 |       |            |           |       |
|     using O5 and O6                        |   1404 |       |            |           |       |
|   LUT as Shift Register                    |   4560 |     0 |            |           |       |
|     using O5 output only                   |      0 |       |            |           |       |
|     using O6 output only                   |    386 |       |            |           |       |
|     using O5 and O6                        |   4174 |       |            |           |       |
| CLB Registers                              | 105567 |     0 |          0 |    234240 | 45.07 |
|   Register driven from within the CLB      |  47418 |       |            |           |       |
|   Register driven from outside the CLB     |  58149 |       |            |           |       |
|     LUT in front of the register is unused |  44685 |       |            |           |       |
|     LUT in front of the register is used   |  13464 |       |            |           |       |
| Unique Control Sets                        |   2421 |       |          0 |     29280 |  8.27 |
+--------------------------------------------+--------+-------+------------+-----------+-------+
* * Note: Available Control Sets calculated as Slices * 2, Review the Control Sets Report for more information regarding control sets.


3. BLOCKRAM
-----------

+-------------------+------+-------+------------+-----------+--------+
|     Site Type     | Used | Fixed | Prohibited | Available |  Util% |
+-------------------+------+-------+------------+-----------+--------+
| Block RAM Tile    |   17 |     0 |          0 |       144 |  11.81 |
|   RAMB36/FIFO*    |   14 |     0 |          0 |       144 |   9.72 |
|     RAMB36E2 only |   14 |       |            |           |        |
|   RAMB18          |    6 |     0 |          0 |       288 |   2.08 |
|     RAMB18E2 only |    6 |       |            |           |        |
| URAM              |   64 |     0 |          0 |        64 | 100.00 |
+-------------------+------+-------+------------+-----------+--------+
* Note: Each Block RAM Tile only has one FIFO logic available and therefore can accommodate only one FIFO36E2 or one FIFO18E2. However, if a FIFO18E2 occupies a Block RAM Tile, that tile can still accommodate a RAMB18E2


4. ARITHMETIC
-------------

+----------------+------+-------+------------+-----------+-------+
|    Site Type   | Used | Fixed | Prohibited | Available | Util% |
+----------------+------+-------+------------+-----------+-------+
| DSPs           |  721 |     0 |          0 |      1248 | 57.77 |
|   DSP48E2 only |  721 |       |            |           |       |
+----------------+------+-------+------------+-----------+-------+


5. I/O
------

+------------------+------+-------+------------+-----------+-------+
|     Site Type    | Used | Fixed | Prohibited | Available | Util% |
+------------------+------+-------+------------+-----------+-------+
| Bonded IOB       |    0 |     0 |          0 |       189 |  0.00 |
| HPIOB_M          |    0 |     0 |          0 |        58 |  0.00 |
| HPIOB_S          |    0 |     0 |          0 |        58 |  0.00 |
| HDIOB_M          |    0 |     0 |          0 |        35 |  0.00 |
| HDIOB_S          |    0 |     0 |          0 |        35 |  0.00 |
| HPIOB_SNGL       |    0 |     0 |          0 |         3 |  0.00 |
| HPIOBDIFFINBUF   |    0 |     0 |          0 |        82 |  0.00 |
| HPIOBDIFFOUTBUF  |    0 |     0 |          0 |        82 |  0.00 |
| HDIOBDIFFINBUF   |    0 |     0 |          0 |        35 |  0.00 |
| BITSLICE_CONTROL |    0 |     0 |          0 |        32 |  0.00 |
| BITSLICE_RX_TX   |    0 |     0 |          0 |      1248 |  0.00 |
| BITSLICE_TX      |    0 |     0 |          0 |        32 |  0.00 |
| RIU_OR           |    0 |     0 |          0 |        16 |  0.00 |
+------------------+------+-------+------------+-----------+-------+


6. CLOCK
--------

+----------------------+------+-------+------------+-----------+-------+
|       Site Type      | Used | Fixed | Prohibited | Available | Util% |
+----------------------+------+-------+------------+-----------+-------+
| GLOBAL CLOCK BUFFERs |    4 |     0 |          0 |       352 |  1.14 |
|   BUFGCE             |    1 |     0 |          0 |       112 |  0.89 |
|   BUFGCE_DIV         |    2 |     0 |          0 |        16 | 12.50 |
|   BUFG_GT            |    0 |     0 |          0 |        96 |  0.00 |
|   BUFG_PS            |    1 |     0 |          0 |        96 |  1.04 |
|   BUFGCTRL*          |    0 |     0 |          0 |        32 |  0.00 |
| PLL                  |    2 |     0 |          0 |         8 | 25.00 |
| MMCM                 |    0 |     0 |          0 |         4 |  0.00 |
+----------------------+------+-------+------------+-----------+-------+
* Note: Each used BUFGCTRL counts as two GLOBAL CLOCK BUFFERs. This table does not include global clocking resources, only buffer cell usage. See the Clock Utilization Report (report_clock_utilization) for detailed accounting of global clocking resource availability.


7. ADVANCED
-----------

+-----------------+------+-------+------------+-----------+--------+
|    Site Type    | Used | Fixed | Prohibited | Available |  Util% |
+-----------------+------+-------+------------+-----------+--------+
| GTHE4_CHANNEL   |    0 |     0 |          0 |         4 |   0.00 |
| GTHE4_COMMON    |    0 |     0 |          0 |         1 |   0.00 |
| OBUFDS_GTE4     |    0 |     0 |          0 |         2 |   0.00 |
| OBUFDS_GTE4_ADV |    0 |     0 |          0 |         2 |   0.00 |
| PCIE40E4        |    0 |     0 |          0 |         2 |   0.00 |
| PS8             |    1 |     0 |          0 |         1 | 100.00 |
| SYSMONE4        |    0 |     0 |          0 |         1 |   0.00 |
| VCU             |    0 |     0 |          0 |         1 |   0.00 |
+-----------------+------+-------+------------+-----------+--------+


8. CONFIGURATION
----------------

+-------------+------+-------+------------+-----------+-------+
|  Site Type  | Used | Fixed | Prohibited | Available | Util% |
+-------------+------+-------+------------+-----------+-------+
| BSCANE2     |    0 |     0 |          0 |         4 |  0.00 |
| DNA_PORTE2  |    0 |     0 |          0 |         1 |  0.00 |
| EFUSE_USR   |    0 |     0 |          0 |         1 |  0.00 |
| FRAME_ECCE4 |    0 |     0 |          0 |         1 |  0.00 |
| ICAPE3      |    0 |     0 |          0 |         2 |  0.00 |
| MASTER_JTAG |    0 |     0 |          0 |         1 |  0.00 |
| STARTUPE3   |    0 |     0 |          0 |         1 |  0.00 |
+-------------+------+-------+------------+-----------+-------+


9. Primitives
-------------

+------------+--------+---------------------+
|  Ref Name  |  Used  | Functional Category |
+------------+--------+---------------------+
| FDRE       | 104720 |            Register |
| LUT6       |  21738 |                 CLB |
| LUT3       |  20875 |                 CLB |
| LUT4       |   9389 |                 CLB |
| SRL16E     |   8702 |                 CLB |
| LUT5       |   5902 |                 CLB |
| LUT2       |   5032 |                 CLB |
| MUXF7      |   2561 |                 CLB |
| RAMD32     |   2454 |                 CLB |
| RAMD64E    |   1944 |                 CLB |
| CARRY8     |   1476 |                 CLB |
| LUT1       |    885 |                 CLB |
| FDSE       |    739 |            Register |
| DSP48E2    |    721 |          Arithmetic |
| RAMS32     |    358 |                 CLB |
| FDCE       |    108 |            Register |
| URAM288    |     64 |            BLOCKRAM |
| SRLC32E    |     32 |                 CLB |
| MUXF8      |     15 |                 CLB |
| RAMB36E2   |     14 |            BLOCKRAM |
| RAMB18E2   |      6 |            BLOCKRAM |
| PLLE4_ADV  |      2 |               Clock |
| BUFGCE_DIV |      2 |               Clock |
| PS8        |      1 |            Advanced |
| BUFG_PS    |      1 |               Clock |
| BUFGCE     |      1 |               Clock |
+------------+--------+---------------------+


10. Black Boxes
---------------

+----------+------+
| Ref Name | Used |
+----------+------+


11. Instantiated Netlists
-------------------------

+----------+------+
| Ref Name | Used |
+----------+------+


