

================================================================
== Vitis HLS Report for 'sobel_accel'
================================================================
* Date:           Mon Aug 10 14:57:33 2026

* Version:        2022.2 (Build 3670227 on Oct 13 2022)
* Project:        sobel_hls_v2_final_prj
* Solution:       solution1 (Vivado IP Flow Target)
* Product family: zynquplus
* Target device:  xck26-sfvc784-2LV-c


================================================================
== Performance Estimates
================================================================
+ Timing: 
    * Summary: 
    +--------+---------+----------+------------+
    |  Clock |  Target | Estimated| Uncertainty|
    +--------+---------+----------+------------+
    |ap_clk  |  5.00 ns|  3.650 ns|     1.35 ns|
    +--------+---------+----------+------------+

+ Latency: 
    * Summary: 
    +---------+---------+----------+----------+-----+-----+---------+
    |  Latency (cycles) |  Latency (absolute) |  Interval | Pipeline|
    |   min   |   max   |    min   |    max   | min | max |   Type  |
    +---------+---------+----------+----------+-----+-----+---------+
    |        1|        ?|  5.000 ns|         ?|    2|    ?|       no|
    +---------+---------+----------+----------+-----+-----+---------+

    + Detail: 
        * Instance: 
        +--------------------------------------------------+---------------------------------------+---------+---------+-----------+----------+-----+------+---------+
        |                                                  |                                       |  Latency (cycles) |  Latency (absolute)  |  Interval  | Pipeline|
        |                     Instance                     |                 Module                |   min   |   max   |    min    |    max   | min |  max |   Type  |
        +--------------------------------------------------+---------------------------------------+---------+---------+-----------+----------+-----+------+---------+
        |grp_sobel_accel_Pipeline_LOAD_ROW0_fu_248         |sobel_accel_Pipeline_LOAD_ROW0         |        6|     1923|  30.000 ns|  9.615 us|    6|  1923|       no|
        |grp_sobel_accel_Pipeline_TOP_BORDER_fu_257        |sobel_accel_Pipeline_TOP_BORDER        |        5|     1922|  25.000 ns|  9.610 us|    5|  1922|       no|
        |grp_sobel_accel_Pipeline_LOAD_ROW1_fu_265         |sobel_accel_Pipeline_LOAD_ROW1         |        6|     1923|  30.000 ns|  9.615 us|    6|  1923|       no|
        |grp_sobel_accel_Pipeline_COLUMN_LOOP_fu_274       |sobel_accel_Pipeline_COLUMN_LOOP       |        8|     1925|  40.000 ns|  9.625 us|    8|  1925|       no|
        |grp_sobel_accel_Pipeline_BOTTOM_BORDER_fu_287     |sobel_accel_Pipeline_BOTTOM_BORDER     |        5|        ?|  25.000 ns|         ?|    5|     ?|       no|
        |grp_sobel_accel_Pipeline_SMALL_IMAGE_LOOP_fu_295  |sobel_accel_Pipeline_SMALL_IMAGE_LOOP  |        3|        ?|  15.000 ns|         ?|    3|     ?|       no|
        +--------------------------------------------------+---------------------------------------+---------+---------+-----------+----------+-----+------+---------+

        * Loop: 
        +------------+---------+---------+-----------+-----------+-----------+----------+----------+
        |            |  Latency (cycles) | Iteration |  Initiation Interval  |   Trip   |          |
        |  Loop Name |   min   |   max   |  Latency  |  achieved |   target  |   Count  | Pipelined|
        +------------+---------+---------+-----------+-----------+-----------+----------+----------+
        |- ROW_LOOP  |       23|  2091320|  23 ~ 1940|          -|          -|  1 ~ 1078|        no|
        +------------+---------+---------+-----------+-----------+-----------+----------+----------+



================================================================
== Utilization Estimates
================================================================
* Summary: 
+-----------------+---------+------+--------+--------+-----+
|       Name      | BRAM_18K|  DSP |   FF   |   LUT  | URAM|
+-----------------+---------+------+--------+--------+-----+
|DSP              |        -|     3|       -|       -|    -|
|Expression       |        -|     -|       0|     842|    -|
|FIFO             |        -|     -|       -|       -|    -|
|Instance         |        0|     8|    2167|    4174|    0|
|Memory           |        2|     -|       0|       0|    -|
|Multiplexer      |        -|     -|       -|     809|    -|
|Register         |        -|     -|     967|       -|    -|
+-----------------+---------+------+--------+--------+-----+
|Total            |        2|    11|    3134|    5825|    0|
+-----------------+---------+------+--------+--------+-----+
|Available        |      288|  1248|  234240|  117120|   64|
+-----------------+---------+------+--------+--------+-----+
|Utilization (%)  |       ~0|    ~0|       1|       4|    0|
+-----------------+---------+------+--------+--------+-----+

+ Detail: 
    * Instance: 
    +--------------------------------------------------+---------------------------------------+---------+----+-----+------+-----+
    |                     Instance                     |                 Module                | BRAM_18K| DSP|  FF |  LUT | URAM|
    +--------------------------------------------------+---------------------------------------+---------+----+-----+------+-----+
    |control_s_axi_U                                   |control_s_axi                          |        0|   0|  252|   424|    0|
    |gmem0_m_axi_U                                     |gmem0_m_axi                            |        0|   0|  746|  1394|    0|
    |gmem1_m_axi_U                                     |gmem1_m_axi                            |        0|   0|  746|  1394|    0|
    |mul_11ns_32s_32_1_1_U26                           |mul_11ns_32s_32_1_1                    |        0|   2|    0|    20|    0|
    |mul_32s_32s_32_1_1_U25                            |mul_32s_32s_32_1_1                     |        0|   3|    0|    20|    0|
    |mul_32s_32s_32_1_1_U27                            |mul_32s_32s_32_1_1                     |        0|   3|    0|    20|    0|
    |grp_sobel_accel_Pipeline_BOTTOM_BORDER_fu_287     |sobel_accel_Pipeline_BOTTOM_BORDER     |        0|   0|   14|    78|    0|
    |grp_sobel_accel_Pipeline_COLUMN_LOOP_fu_274       |sobel_accel_Pipeline_COLUMN_LOOP       |        0|   0|  279|   498|    0|
    |grp_sobel_accel_Pipeline_LOAD_ROW0_fu_248         |sobel_accel_Pipeline_LOAD_ROW0         |        0|   0|   46|    78|    0|
    |grp_sobel_accel_Pipeline_LOAD_ROW1_fu_265         |sobel_accel_Pipeline_LOAD_ROW1         |        0|   0|   46|    78|    0|
    |grp_sobel_accel_Pipeline_SMALL_IMAGE_LOOP_fu_295  |sobel_accel_Pipeline_SMALL_IMAGE_LOOP  |        0|   0|   24|    92|    0|
    |grp_sobel_accel_Pipeline_TOP_BORDER_fu_257        |sobel_accel_Pipeline_TOP_BORDER        |        0|   0|   14|    78|    0|
    +--------------------------------------------------+---------------------------------------+---------+----+-----+------+-----+
    |Total                                             |                                       |        0|   8| 2167|  4174|    0|
    +--------------------------------------------------+---------------------------------------+---------+----+-----+------+-----+

    * DSP: 
    +-----------------------------------+-------------------------------+--------------+
    |              Instance             |             Module            |  Expression  |
    +-----------------------------------+-------------------------------+--------------+
    |mac_muladd_11ns_21s_1s_21_4_1_U30  |mac_muladd_11ns_21s_1s_21_4_1  |  i0 * i1 + i2|
    |mul_mul_11ns_11ns_22_4_1_U28       |mul_mul_11ns_11ns_22_4_1       |       i0 * i1|
    |mul_mul_11ns_11ns_22_4_1_U29       |mul_mul_11ns_11ns_22_4_1       |       i0 * i1|
    +-----------------------------------+-------------------------------+--------------+

    * Memory: 
    +---------+------------------------+---------+---+----+-----+------+-----+------+-------------+
    |  Memory |         Module         | BRAM_18K| FF| LUT| URAM| Words| Bits| Banks| W*Bits*Banks|
    +---------+------------------------+---------+---+----+-----+------+-----+------+-------------+
    |line0_U  |line0_RAM_2P_BRAM_1R1W  |        1|  0|   0|    0|  1920|    8|     1|        15360|
    |line1_U  |line1_RAM_2P_BRAM_1R1W  |        1|  0|   0|    0|  1920|    8|     1|        15360|
    +---------+------------------------+---------+---+----+-----+------+-----+------+-------------+
    |Total    |                        |        2|  0|   0|    0|  3840|   16|     2|        30720|
    +---------+------------------------+---------+---+----+-----+------+-----+------+-------------+

    * FIFO: 
    N/A

    * Expression: 
    +--------------------------------------+----------+----+---+----+------------+------------+
    |             Variable Name            | Operation| DSP| FF| LUT| Bitwidth P0| Bitwidth P1|
    +--------------------------------------+----------+----+---+----+------------+------------+
    |add_ln223_fu_402_p2                   |         +|   0|  0|  71|          64|          64|
    |add_ln275_1_fu_418_p2                 |         +|   0|  0|  71|          64|          64|
    |add_ln275_2_fu_435_p2                 |         +|   0|  0|  18|          11|           3|
    |add_ln275_3_fu_462_p2                 |         +|   0|  0|  18|          11|           1|
    |add_ln275_fu_413_p2                   |         +|   0|  0|  39|          32|           3|
    |add_ln310_fu_440_p2                   |         +|   0|  0|  39|          32|           3|
    |add_ln535_fu_526_p2                   |         +|   0|  0|  71|          64|          64|
    |add_ln546_fu_545_p2                   |         +|   0|  0|  71|          64|          64|
    |add_ln547_fu_537_p2                   |         +|   0|  0|  28|          21|          21|
    |add_ln565_fu_573_p2                   |         +|   0|  0|  71|          64|          64|
    |empty_36_fu_518_p2                    |         +|   0|  0|  64|          64|          64|
    |output_y_fu_475_p2                    |         +|   0|  0|  18|          11|           2|
    |sub131_fu_505_p2                      |         +|   0|  0|  18|          11|           2|
    |tmp1_fu_445_p2                        |         +|   0|  0|  18|          11|           1|
    |tmp_fu_513_p2                         |         +|   0|  0|  64|          64|          64|
    |y_1_fu_489_p2                         |         +|   0|  0|  18|          11|           1|
    |ap_block_state51                      |       and|   0|  0|   2|           1|           1|
    |ap_predicate_op226_writeresp_state51  |       and|   0|  0|   2|           1|           1|
    |icmp_ln104_1_fu_348_p2                |      icmp|   0|  0|  20|          32|          11|
    |icmp_ln104_fu_342_p2                  |      icmp|   0|  0|  20|          32|          11|
    |icmp_ln161_1_fu_366_p2                |      icmp|   0|  0|  20|          32|           2|
    |icmp_ln161_fu_360_p2                  |      icmp|   0|  0|  20|          32|           2|
    |icmp_ln275_fu_457_p2                  |      icmp|   0|  0|  11|          11|          11|
    |icmp_ln99_1_fu_330_p2                 |      icmp|   0|  0|  20|          32|           1|
    |icmp_ln99_fu_324_p2                   |      icmp|   0|  0|  20|          32|           1|
    |ap_block_state10_on_subcall_done      |        or|   0|  0|   2|           1|           1|
    |ap_block_state35_io                   |        or|   0|  0|   2|           1|           1|
    |or_ln104_fu_354_p2                    |        or|   0|  0|   2|           1|           1|
    |or_ln161_fu_372_p2                    |        or|   0|  0|   2|           1|           1|
    |or_ln99_fu_336_p2                     |        or|   0|  0|   2|           1|           1|
    +--------------------------------------+----------+----+---+----+------------+------------+
    |Total                                 |          |   0|  0| 842|         809|         531|
    +--------------------------------------+----------+----+---+----+------------+------------+

    * Multiplexer: 
    +----------------+-----+-----------+-----+-----------+
    |      Name      | LUT | Input Size| Bits| Total Bits|
    +----------------+-----+-----------+-----+-----------+
    |ap_NS_fsm       |  262|         61|    1|         61|
    |gmem0_ARADDR    |   37|          7|   64|        448|
    |gmem0_ARLEN     |   31|          6|   32|        192|
    |gmem0_ARVALID   |   26|          5|    1|          5|
    |gmem0_RREADY    |   20|          4|    1|          4|
    |gmem0_blk_n_AR  |    9|          2|    1|          2|
    |gmem1_AWADDR    |   54|         10|   64|        640|
    |gmem1_AWLEN     |   49|          9|   32|        288|
    |gmem1_AWVALID   |   31|          6|    1|          6|
    |gmem1_BREADY    |   31|          6|    1|          6|
    |gmem1_WDATA     |   31|          6|    8|         48|
    |gmem1_WSTRB     |   31|          6|    1|          6|
    |gmem1_WVALID    |   31|          6|    1|          6|
    |gmem1_blk_n_AW  |    9|          2|    1|          2|
    |gmem1_blk_n_B   |    9|          2|    1|          2|
    |gmem1_blk_n_W   |    9|          2|    1|          2|
    |indvar_fu_140   |    9|          2|   11|         22|
    |line0_address1  |   14|          3|   11|         33|
    |line0_ce1       |   14|          3|    1|          3|
    |line0_d1        |   14|          3|    8|         24|
    |line0_we1       |   14|          3|    1|          3|
    |line1_address1  |   14|          3|   11|         33|
    |line1_ce0       |    9|          2|    1|          2|
    |line1_ce1       |   14|          3|    1|          3|
    |line1_d1        |   14|          3|    8|         24|
    |line1_we1       |   14|          3|    1|          3|
    |y_fu_136        |    9|          2|   11|         22|
    +----------------+-----+-----------+-----+-----------+
    |Total           |  809|        170|  276|       1890|
    +----------------+-----+-----------+-----+-----------+

    * Register: 
    +---------------------------------------------------------------+----+----+-----+-----------+
    |                              Name                             | FF | LUT| Bits| Const Bits|
    +---------------------------------------------------------------+----+----+-----+-----------+
    |add_ln223_reg_709                                              |  64|   0|   64|          0|
    |add_ln275_1_reg_726                                            |  64|   0|   64|          0|
    |add_ln275_2_reg_748                                            |  11|   0|   11|          0|
    |add_ln275_reg_721                                              |  32|   0|   32|          0|
    |add_ln310_reg_753                                              |  32|   0|   32|          0|
    |add_ln565_reg_814                                              |  64|   0|   64|          0|
    |ap_CS_fsm                                                      |  60|   0|   60|          0|
    |empty_36_reg_786                                               |  64|   0|   64|          0|
    |gmem1_addr_4_reg_792                                           |  64|   0|   64|          0|
    |gmem1_addr_5_reg_798                                           |  64|   0|   64|          0|
    |grp_sobel_accel_Pipeline_BOTTOM_BORDER_fu_287_ap_start_reg     |   1|   0|    1|          0|
    |grp_sobel_accel_Pipeline_COLUMN_LOOP_fu_274_ap_start_reg       |   1|   0|    1|          0|
    |grp_sobel_accel_Pipeline_LOAD_ROW0_fu_248_ap_start_reg         |   1|   0|    1|          0|
    |grp_sobel_accel_Pipeline_LOAD_ROW1_fu_265_ap_start_reg         |   1|   0|    1|          0|
    |grp_sobel_accel_Pipeline_SMALL_IMAGE_LOOP_fu_295_ap_start_reg  |   1|   0|    1|          0|
    |grp_sobel_accel_Pipeline_TOP_BORDER_fu_257_ap_start_reg        |   1|   0|    1|          0|
    |height_read_reg_612                                            |  32|   0|   32|          0|
    |indvar_fu_140                                                  |  11|   0|   11|          0|
    |input_r_read_reg_643                                           |  64|   0|   64|          0|
    |mul132_reg_809                                                 |  32|   0|   32|          0|
    |mul_ln275_reg_732                                              |  32|   0|   32|          0|
    |mul_reg_825                                                    |  32|   0|   32|          0|
    |or_ln104_reg_666                                               |   1|   0|    1|          0|
    |or_ln161_reg_670                                               |   1|   0|    1|          0|
    |or_ln99_reg_662                                                |   1|   0|    1|          0|
    |output_r_read_reg_632                                          |  64|   0|   64|          0|
    |sub131_reg_781                                                 |  11|   0|   11|          0|
    |tmp1_cast_reg_758                                              |  11|   0|   64|         53|
    |trunc_ln166_reg_830                                            |  21|   0|   21|          0|
    |trunc_ln205_reg_693                                            |  11|   0|   11|          0|
    |trunc_ln44_1_reg_656                                           |  11|   0|   11|          0|
    |trunc_ln44_reg_650                                             |  21|   0|   21|          0|
    |width_read_reg_618                                             |  32|   0|   32|          0|
    |y_fu_136                                                       |  11|   0|   11|          0|
    |zext_ln205_1_reg_742                                           |  11|   0|   22|         11|
    |zext_ln205_reg_704                                             |  32|   0|   64|         32|
    +---------------------------------------------------------------+----+----+-----+-----------+
    |Total                                                          | 967|   0| 1063|         96|
    +---------------------------------------------------------------+----+----+-----+-----------+



================================================================
== Interface
================================================================
* Summary: 
+-----------------------+-----+-----+------------+--------------+--------------+
|       RTL Ports       | Dir | Bits|  Protocol  | Source Object|    C Type    |
+-----------------------+-----+-----+------------+--------------+--------------+
|s_axi_control_AWVALID  |   in|    1|       s_axi|       control|        scalar|
|s_axi_control_AWREADY  |  out|    1|       s_axi|       control|        scalar|
|s_axi_control_AWADDR   |   in|    6|       s_axi|       control|        scalar|
|s_axi_control_WVALID   |   in|    1|       s_axi|       control|        scalar|
|s_axi_control_WREADY   |  out|    1|       s_axi|       control|        scalar|
|s_axi_control_WDATA    |   in|   32|       s_axi|       control|        scalar|
|s_axi_control_WSTRB    |   in|    4|       s_axi|       control|        scalar|
|s_axi_control_ARVALID  |   in|    1|       s_axi|       control|        scalar|
|s_axi_control_ARREADY  |  out|    1|       s_axi|       control|        scalar|
|s_axi_control_ARADDR   |   in|    6|       s_axi|       control|        scalar|
|s_axi_control_RVALID   |  out|    1|       s_axi|       control|        scalar|
|s_axi_control_RREADY   |   in|    1|       s_axi|       control|        scalar|
|s_axi_control_RDATA    |  out|   32|       s_axi|       control|        scalar|
|s_axi_control_RRESP    |  out|    2|       s_axi|       control|        scalar|
|s_axi_control_BVALID   |  out|    1|       s_axi|       control|        scalar|
|s_axi_control_BREADY   |   in|    1|       s_axi|       control|        scalar|
|s_axi_control_BRESP    |  out|    2|       s_axi|       control|        scalar|
|ap_clk                 |   in|    1|  ap_ctrl_hs|   sobel_accel|  return value|
|ap_rst_n               |   in|    1|  ap_ctrl_hs|   sobel_accel|  return value|
|interrupt              |  out|    1|  ap_ctrl_hs|   sobel_accel|  return value|
|m_axi_gmem0_AWVALID    |  out|    1|       m_axi|         gmem0|       pointer|
|m_axi_gmem0_AWREADY    |   in|    1|       m_axi|         gmem0|       pointer|
|m_axi_gmem0_AWADDR     |  out|   64|       m_axi|         gmem0|       pointer|
|m_axi_gmem0_AWID       |  out|    1|       m_axi|         gmem0|       pointer|
|m_axi_gmem0_AWLEN      |  out|    8|       m_axi|         gmem0|       pointer|
|m_axi_gmem0_AWSIZE     |  out|    3|       m_axi|         gmem0|       pointer|
|m_axi_gmem0_AWBURST    |  out|    2|       m_axi|         gmem0|       pointer|
|m_axi_gmem0_AWLOCK     |  out|    2|       m_axi|         gmem0|       pointer|
|m_axi_gmem0_AWCACHE    |  out|    4|       m_axi|         gmem0|       pointer|
|m_axi_gmem0_AWPROT     |  out|    3|       m_axi|         gmem0|       pointer|
|m_axi_gmem0_AWQOS      |  out|    4|       m_axi|         gmem0|       pointer|
|m_axi_gmem0_AWREGION   |  out|    4|       m_axi|         gmem0|       pointer|
|m_axi_gmem0_AWUSER     |  out|    1|       m_axi|         gmem0|       pointer|
|m_axi_gmem0_WVALID     |  out|    1|       m_axi|         gmem0|       pointer|
|m_axi_gmem0_WREADY     |   in|    1|       m_axi|         gmem0|       pointer|
|m_axi_gmem0_WDATA      |  out|   32|       m_axi|         gmem0|       pointer|
|m_axi_gmem0_WSTRB      |  out|    4|       m_axi|         gmem0|       pointer|
|m_axi_gmem0_WLAST      |  out|    1|       m_axi|         gmem0|       pointer|
|m_axi_gmem0_WID        |  out|    1|       m_axi|         gmem0|       pointer|
|m_axi_gmem0_WUSER      |  out|    1|       m_axi|         gmem0|       pointer|
|m_axi_gmem0_ARVALID    |  out|    1|       m_axi|         gmem0|       pointer|
|m_axi_gmem0_ARREADY    |   in|    1|       m_axi|         gmem0|       pointer|
|m_axi_gmem0_ARADDR     |  out|   64|       m_axi|         gmem0|       pointer|
|m_axi_gmem0_ARID       |  out|    1|       m_axi|         gmem0|       pointer|
|m_axi_gmem0_ARLEN      |  out|    8|       m_axi|         gmem0|       pointer|
|m_axi_gmem0_ARSIZE     |  out|    3|       m_axi|         gmem0|       pointer|
|m_axi_gmem0_ARBURST    |  out|    2|       m_axi|         gmem0|       pointer|
|m_axi_gmem0_ARLOCK     |  out|    2|       m_axi|         gmem0|       pointer|
|m_axi_gmem0_ARCACHE    |  out|    4|       m_axi|         gmem0|       pointer|
|m_axi_gmem0_ARPROT     |  out|    3|       m_axi|         gmem0|       pointer|
|m_axi_gmem0_ARQOS      |  out|    4|       m_axi|         gmem0|       pointer|
|m_axi_gmem0_ARREGION   |  out|    4|       m_axi|         gmem0|       pointer|
|m_axi_gmem0_ARUSER     |  out|    1|       m_axi|         gmem0|       pointer|
|m_axi_gmem0_RVALID     |   in|    1|       m_axi|         gmem0|       pointer|
|m_axi_gmem0_RREADY     |  out|    1|       m_axi|         gmem0|       pointer|
|m_axi_gmem0_RDATA      |   in|   32|       m_axi|         gmem0|       pointer|
|m_axi_gmem0_RLAST      |   in|    1|       m_axi|         gmem0|       pointer|
|m_axi_gmem0_RID        |   in|    1|       m_axi|         gmem0|       pointer|
|m_axi_gmem0_RUSER      |   in|    1|       m_axi|         gmem0|       pointer|
|m_axi_gmem0_RRESP      |   in|    2|       m_axi|         gmem0|       pointer|
|m_axi_gmem0_BVALID     |   in|    1|       m_axi|         gmem0|       pointer|
|m_axi_gmem0_BREADY     |  out|    1|       m_axi|         gmem0|       pointer|
|m_axi_gmem0_BRESP      |   in|    2|       m_axi|         gmem0|       pointer|
|m_axi_gmem0_BID        |   in|    1|       m_axi|         gmem0|       pointer|
|m_axi_gmem0_BUSER      |   in|    1|       m_axi|         gmem0|       pointer|
|m_axi_gmem1_AWVALID    |  out|    1|       m_axi|         gmem1|       pointer|
|m_axi_gmem1_AWREADY    |   in|    1|       m_axi|         gmem1|       pointer|
|m_axi_gmem1_AWADDR     |  out|   64|       m_axi|         gmem1|       pointer|
|m_axi_gmem1_AWID       |  out|    1|       m_axi|         gmem1|       pointer|
|m_axi_gmem1_AWLEN      |  out|    8|       m_axi|         gmem1|       pointer|
|m_axi_gmem1_AWSIZE     |  out|    3|       m_axi|         gmem1|       pointer|
|m_axi_gmem1_AWBURST    |  out|    2|       m_axi|         gmem1|       pointer|
|m_axi_gmem1_AWLOCK     |  out|    2|       m_axi|         gmem1|       pointer|
|m_axi_gmem1_AWCACHE    |  out|    4|       m_axi|         gmem1|       pointer|
|m_axi_gmem1_AWPROT     |  out|    3|       m_axi|         gmem1|       pointer|
|m_axi_gmem1_AWQOS      |  out|    4|       m_axi|         gmem1|       pointer|
|m_axi_gmem1_AWREGION   |  out|    4|       m_axi|         gmem1|       pointer|
|m_axi_gmem1_AWUSER     |  out|    1|       m_axi|         gmem1|       pointer|
|m_axi_gmem1_WVALID     |  out|    1|       m_axi|         gmem1|       pointer|
|m_axi_gmem1_WREADY     |   in|    1|       m_axi|         gmem1|       pointer|
|m_axi_gmem1_WDATA      |  out|   32|       m_axi|         gmem1|       pointer|
|m_axi_gmem1_WSTRB      |  out|    4|       m_axi|         gmem1|       pointer|
|m_axi_gmem1_WLAST      |  out|    1|       m_axi|         gmem1|       pointer|
|m_axi_gmem1_WID        |  out|    1|       m_axi|         gmem1|       pointer|
|m_axi_gmem1_WUSER      |  out|    1|       m_axi|         gmem1|       pointer|
|m_axi_gmem1_ARVALID    |  out|    1|       m_axi|         gmem1|       pointer|
|m_axi_gmem1_ARREADY    |   in|    1|       m_axi|         gmem1|       pointer|
|m_axi_gmem1_ARADDR     |  out|   64|       m_axi|         gmem1|       pointer|
|m_axi_gmem1_ARID       |  out|    1|       m_axi|         gmem1|       pointer|
|m_axi_gmem1_ARLEN      |  out|    8|       m_axi|         gmem1|       pointer|
|m_axi_gmem1_ARSIZE     |  out|    3|       m_axi|         gmem1|       pointer|
|m_axi_gmem1_ARBURST    |  out|    2|       m_axi|         gmem1|       pointer|
|m_axi_gmem1_ARLOCK     |  out|    2|       m_axi|         gmem1|       pointer|
|m_axi_gmem1_ARCACHE    |  out|    4|       m_axi|         gmem1|       pointer|
|m_axi_gmem1_ARPROT     |  out|    3|       m_axi|         gmem1|       pointer|
|m_axi_gmem1_ARQOS      |  out|    4|       m_axi|         gmem1|       pointer|
|m_axi_gmem1_ARREGION   |  out|    4|       m_axi|         gmem1|       pointer|
|m_axi_gmem1_ARUSER     |  out|    1|       m_axi|         gmem1|       pointer|
|m_axi_gmem1_RVALID     |   in|    1|       m_axi|         gmem1|       pointer|
|m_axi_gmem1_RREADY     |  out|    1|       m_axi|         gmem1|       pointer|
|m_axi_gmem1_RDATA      |   in|   32|       m_axi|         gmem1|       pointer|
|m_axi_gmem1_RLAST      |   in|    1|       m_axi|         gmem1|       pointer|
|m_axi_gmem1_RID        |   in|    1|       m_axi|         gmem1|       pointer|
|m_axi_gmem1_RUSER      |   in|    1|       m_axi|         gmem1|       pointer|
|m_axi_gmem1_RRESP      |   in|    2|       m_axi|         gmem1|       pointer|
|m_axi_gmem1_BVALID     |   in|    1|       m_axi|         gmem1|       pointer|
|m_axi_gmem1_BREADY     |  out|    1|       m_axi|         gmem1|       pointer|
|m_axi_gmem1_BRESP      |   in|    2|       m_axi|         gmem1|       pointer|
|m_axi_gmem1_BID        |   in|    1|       m_axi|         gmem1|       pointer|
|m_axi_gmem1_BUSER      |   in|    1|       m_axi|         gmem1|       pointer|
+-----------------------+-----+-----+------------+--------------+--------------+

