Copyright 1986-2022 Xilinx, Inc. All Rights Reserved.
-----------------------------------------------------------------------------------------------------------------------------------------------
| Tool Version : Vivado v.2022.2 (lin64) Build 3671981 Fri Oct 14 04:59:54 MDT 2022
| Date         : Wed Aug 12 19:54:02 2026
| Host         : rahman running 64-bit Ubuntu 20.04.6 LTS
| Command      : report_utilization -file kv260_dpu_sobel_bd_wrapper_utilization_synth.rpt -pb kv260_dpu_sobel_bd_wrapper_utilization_synth.pb
| Design       : kv260_dpu_sobel_bd_wrapper
| Device       : xck26-sfvc784-2LV-c
| Speed File   : -2LV
| Design State : Synthesized
-----------------------------------------------------------------------------------------------------------------------------------------------

Utilization Design Information

Table of Contents
-----------------
1. CLB Logic
1.1 Summary of Registers by Type
2. BLOCKRAM
3. ARITHMETIC
4. I/O
5. CLOCK
6. ADVANCED
7. CONFIGURATION
8. Primitives
9. Black Boxes
10. Instantiated Netlists

1. CLB Logic
------------

+----------------------------+--------+-------+------------+-----------+-------+
|          Site Type         |  Used  | Fixed | Prohibited | Available | Util% |
+----------------------------+--------+-------+------------+-----------+-------+
| CLB LUTs*                  |  59172 |     0 |          0 |    117120 | 50.52 |
|   LUT as Logic             |  50939 |     0 |          0 |    117120 | 43.49 |
|   LUT as Memory            |   8233 |     0 |          0 |     57600 | 14.29 |
|     LUT as Distributed RAM |   3356 |     0 |            |           |       |
|     LUT as Shift Register  |   4877 |     0 |            |           |       |
| CLB Registers              | 107289 |     0 |          0 |    234240 | 45.80 |
|   Register as Flip Flop    | 107289 |     0 |          0 |    234240 | 45.80 |
|   Register as Latch        |      0 |     0 |          0 |    234240 |  0.00 |
| CARRY8                     |   1476 |     0 |          0 |     14640 | 10.08 |
| F7 Muxes                   |   2562 |     0 |          0 |     58560 |  4.38 |
| F8 Muxes                   |     15 |     0 |          0 |     29280 |  0.05 |
| F9 Muxes                   |      0 |     0 |          0 |     14640 |  0.00 |
+----------------------------+--------+-------+------------+-----------+-------+
* Warning! The Final LUT count, after physical optimizations and full implementation, is typically lower. Run opt_design after synthesis, if not already completed, for a more realistic count.
Warning! LUT value is adjusted to account for LUT combining.


1.1 Summary of Registers by Type
--------------------------------

+--------+--------------+-------------+--------------+
|  Total | Clock Enable | Synchronous | Asynchronous |
+--------+--------------+-------------+--------------+
| 0      |            _ |           - |            - |
| 0      |            _ |           - |          Set |
| 0      |            _ |           - |        Reset |
| 0      |            _ |         Set |            - |
| 0      |            _ |       Reset |            - |
| 0      |          Yes |           - |            - |
| 0      |          Yes |           - |          Set |
| 138    |          Yes |           - |        Reset |
| 739    |          Yes |         Set |            - |
| 106412 |          Yes |       Reset |            - |
+--------+--------------+-------------+--------------+


2. BLOCKRAM
-----------

+-------------------+------+-------+------------+-----------+--------+
|     Site Type     | Used | Fixed | Prohibited | Available |  Util% |
+-------------------+------+-------+------------+-----------+--------+
| Block RAM Tile    |   17 |     0 |          0 |       144 |  11.81 |
|   RAMB36/FIFO*    |   14 |     0 |          0 |       144 |   9.72 |
|     RAMB36E2 only |   14 |       |            |           |        |
|   RAMB18          |    6 |     0 |          0 |       288 |   2.08 |
|     RAMB18E2 only |    6 |       |            |           |        |
| URAM              |   64 |     0 |          0 |        64 | 100.00 |
+-------------------+------+-------+------------+-----------+--------+
* Note: Each Block RAM Tile only has one FIFO logic available and therefore can accommodate only one FIFO36E2 or one FIFO18E2. However, if a FIFO18E2 occupies a Block RAM Tile, that tile can still accommodate a RAMB18E2


3. ARITHMETIC
-------------

+----------------+------+-------+------------+-----------+-------+
|    Site Type   | Used | Fixed | Prohibited | Available | Util% |
+----------------+------+-------+------------+-----------+-------+
| DSPs           |  721 |     0 |          0 |      1248 | 57.77 |
|   DSP48E2 only |  721 |       |            |           |       |
+----------------+------+-------+------------+-----------+-------+


4. I/O
------

+------------+------+-------+------------+-----------+-------+
|  Site Type | Used | Fixed | Prohibited | Available | Util% |
+------------+------+-------+------------+-----------+-------+
| Bonded IOB |    0 |     0 |          0 |       189 |  0.00 |
+------------+------+-------+------------+-----------+-------+


5. CLOCK
--------

+----------------------+------+-------+------------+-----------+-------+
|       Site Type      | Used | Fixed | Prohibited | Available | Util% |
+----------------------+------+-------+------------+-----------+-------+
| GLOBAL CLOCK BUFFERs |    7 |     0 |          0 |       352 |  1.99 |
|   BUFGCE             |    3 |     0 |          0 |       112 |  2.68 |
|   BUFGCE_DIV         |    2 |     0 |          0 |        16 | 12.50 |
|   BUFG_GT            |    0 |     0 |          0 |        96 |  0.00 |
|   BUFG_PS            |    2 |     0 |          0 |        96 |  2.08 |
|   BUFGCTRL*          |    0 |     0 |          0 |        32 |  0.00 |
| PLL                  |    2 |     0 |          0 |         8 | 25.00 |
| MMCM                 |    0 |     0 |          0 |         4 |  0.00 |
+----------------------+------+-------+------------+-----------+-------+
* Note: Each used BUFGCTRL counts as two GLOBAL CLOCK BUFFERs. This table does not include global clocking resources, only buffer cell usage. See the Clock Utilization Report (report_clock_utilization) for detailed accounting of global clocking resource availability.


6. ADVANCED
-----------

+-----------------+------+-------+------------+-----------+--------+
|    Site Type    | Used | Fixed | Prohibited | Available |  Util% |
+-----------------+------+-------+------------+-----------+--------+
| GTHE4_CHANNEL   |    0 |     0 |          0 |         4 |   0.00 |
| GTHE4_COMMON    |    0 |     0 |          0 |         1 |   0.00 |
| OBUFDS_GTE4     |    0 |     0 |          0 |         2 |   0.00 |
| OBUFDS_GTE4_ADV |    0 |     0 |          0 |         2 |   0.00 |
| PCIE40E4        |    0 |     0 |          0 |         2 |   0.00 |
| PS8             |    1 |     0 |          0 |         1 | 100.00 |
| SYSMONE4        |    0 |     0 |          0 |         1 |   0.00 |
| VCU             |    0 |     0 |          0 |         1 |   0.00 |
+-----------------+------+-------+------------+-----------+--------+


7. CONFIGURATION
----------------

+-------------+------+-------+------------+-----------+-------+
|  Site Type  | Used | Fixed | Prohibited | Available | Util% |
+-------------+------+-------+------------+-----------+-------+
| BSCANE2     |    0 |     0 |          0 |         4 |  0.00 |
| DNA_PORTE2  |    0 |     0 |          0 |         1 |  0.00 |
| EFUSE_USR   |    0 |     0 |          0 |         1 |  0.00 |
| FRAME_ECCE4 |    0 |     0 |          0 |         1 |  0.00 |
| ICAPE3      |    0 |     0 |          0 |         2 |  0.00 |
| MASTER_JTAG |    0 |     0 |          0 |         1 |  0.00 |
| STARTUPE3   |    0 |     0 |          0 |         1 |  0.00 |
+-------------+------+-------+------------+-----------+-------+


8. Primitives
-------------

+------------+--------+---------------------+
|  Ref Name  |  Used  | Functional Category |
+------------+--------+---------------------+
| FDRE       | 106412 |            Register |
| LUT6       |  22285 |                 CLB |
| LUT3       |  20999 |                 CLB |
| LUT4       |   9409 |                 CLB |
| SRL16E     |   8756 |                 CLB |
| LUT5       |   5457 |                 CLB |
| LUT2       |   5050 |                 CLB |
| MUXF7      |   2562 |                 CLB |
| RAMD32     |   2454 |                 CLB |
| RAMD64E    |   1944 |                 CLB |
| CARRY8     |   1476 |                 CLB |
| LUT1       |   1348 |                 CLB |
| FDSE       |    739 |            Register |
| DSP48E2    |    721 |          Arithmetic |
| RAMS32     |    358 |                 CLB |
| FDCE       |    138 |            Register |
| SRLC32E    |     68 |                 CLB |
| URAM288    |     64 |            BLOCKRAM |
| MUXF8      |     15 |                 CLB |
| RAMB36E2   |     14 |            BLOCKRAM |
| RAMB18E2   |      6 |            BLOCKRAM |
| BUFGCE     |      3 |               Clock |
| PLLE4_ADV  |      2 |               Clock |
| BUFG_PS    |      2 |               Clock |
| BUFGCE_DIV |      2 |               Clock |
| PS8        |      1 |            Advanced |
+------------+--------+---------------------+


9. Black Boxes
--------------

+----------+------+
| Ref Name | Used |
+----------+------+


10. Instantiated Netlists
-------------------------

+----------+------+
| Ref Name | Used |
+----------+------+


